// Jest Snapshot v1, https://goo.gl/fbAQLP

exports[`test toast component snapshot ui 1`] = `null`;
